Microchip MPLAB XC8 Compiler V1.42 ()

Linker command line:

-W-3 --edf=D:\Atmel\xc8\dat\en_msgs.txt -cs \
  -h+dist/default/production\18_sec_PDM_software.X.production.sym \
  --cmf=dist/default/production\18_sec_PDM_software.X.production.cmf -z \
  -Q18F46K80 -oC:\Users\haoye\AppData\Local\Temp\shgg.2 \
  -Mdist/default/production/18_sec_PDM_software.X.production.map -E1 \
  -ver=XC8 -ASTACK=0ADh-0e40h -pstack=STACK -ACODE=00h-0FFFFh \
  -ACONST=00h-0FFFFh -ASMALLCONST=0F00h-0FFFhx241 \
  -AMEDIUMCONST=0F00h-0FFFFh -ACOMRAM=01h-05Fh -AABS1=00h-0E40h \
  -ABIGRAM=01h-0E40h -ARAM=060h-0FFh,0100h-01FFhx13,0E00h-0E40h \
  -ABANK0=060h-0FFh -ABANK1=0100h-01FFh -ABANK2=0200h-02FFh \
  -ABANK3=0300h-03FFh -ABANK4=0400h-04FFh -ABANK5=0500h-05FFh \
  -ABANK6=0600h-06FFh -ABANK7=0700h-07FFh -ABANK8=0800h-08FFh \
  -ABANK9=0900h-09FFh -ABANK10=0A00h-0AFFh -ABANK11=0B00h-0BFFh \
  -ABANK12=0C00h-0CFFh -ABANK13=0D00h-0DFFh -ABANK14=0E00h-0E40h \
  -ASFR=0E41h-0EFFh,0F00h-0F5Fh,0F60h-0FFFh \
  -preset_vec=00h,intcode=08h,intcodelo,powerup,init -pramtop=0F00h \
  -psmallconst=SMALLCONST -pmediumconst=MEDIUMCONST -pconst=CONST \
  -AFARRAM=00h-00h -ACONFIG=0300000h-030000Dh -pconfig=CONFIG \
  -AIDLOC=0200000h-0200007h -pidloc=IDLOC -AEEDATA=0F00000h-0F003FFh \
  -peeprom_data=EEDATA \
  -prdata=COMRAM,nvrram=COMRAM,nvbit=COMRAM,rbss=COMRAM,rbit=COMRAM \
  -pfarbss=FARRAM,fardata=FARRAM,nvFARRAM=FARRAM \
  -pintsave_regs=BIGRAM,bigbss=BIGRAM,bigdata=BIGRAM -pbss=RAM \
  -pidata=CODE,irdata=CODE,ibigdata=CODE,ifardata=CODE -prparam=COMRAM \
  C:\Users\haoye\AppData\Local\Temp\shgg.obj \
  dist/default/production\18_sec_PDM_software.X.production.obj 

Object code version is 3.11

Machine type is 18F46K80

Call graph: (short form)




                Name                               Link     Load   Length Selector   Space Scale
C:\Users\haoye\AppData\Local\Temp\shgg.obj
                init                                 BA       BA        4        4       0
                reset_vec                             0        0        4        0       0
                idloc                            200000   200000        8   200000       0
                config                           300000   300000        E   300000       0
dist/default/production\18_sec_PDM_software.X.production.obj
                intcode                               8        8       B2        4       0
                temp                                 4A       4A        1        1       1
                text33                             117C     117C       66        4       0
                text32                             1534     1534        2        4       0
                text31                             14DC     14DC       18        4       0
                text30                             134C     134C       3E        4       0
                text29                              688      688      23E        4       0
                text28                             1532     1532        2        4       0
                text27                             130A     130A       42        4       0
                text25                             13F8     13F8       30        4       0
                text24                              8C6      8C6      19E        4       0
                text23                               BE       BE      34E        4       0
                text22                             14F4     14F4       16        4       0
                text21                             11E2     11E2       50        4       0
                text20                             10DE     10DE       9E        4       0
                text19                             127C     127C       4A        4       0
                text18                             12C6     12C6       44        4       0
                text17                             1232     1232       4A        4       0
                text16                              A64      A64      176        4       0
                text15                             14C2     14C2       1A        4       0
                text14                              F42      F42       EE        4       0
                text13                             1428     1428       2A        4       0
                text12                             1526     1526        8        4       0
                text11                             150A     150A       12        4       0
                text10                             13C4     13C4       34        4       0
                text9                              151C     151C        A        4       0
                text8                              152E     152E        4        4       0
                text7                              138A     138A       3A        4       0
                text6                              1478     1478       26        4       0
                text5                              1030     1030       AE        4       0
                text4                               E3E      E3E      104        4       0
                text3                               D1E      D1E      120        4       0
                text2                               BDA      BDA      144        4       0
                text1                              149E     149E       24        4       0
                text0                               40C      40C      27C        4       0
                cstackCOMRAM                          1        1       27        1       1
                cstackBANK0                          60       60       43       60       1
                bssBANK0                             A3       A3        A       60       1
                bssCOMRAM                            28       28       1E        1       1
                cinit                              1452     1452       26        4       0
                nvCOMRAM                             46       46        4        1       1

TOTAL           Name                               Link     Load   Length     Space
        CLASS   STACK          

        CLASS   CODE           
                intcode                               8        8       B2         0
                init                                 BA       BA        4         0
                reset_vec                             0        0        4         0
                text33                             117C     117C       66         0
                text32                             1534     1534        2         0
                text31                             14DC     14DC       18         0
                text30                             134C     134C       3E         0
                text29                              688      688      23E         0
                text28                             1532     1532        2         0
                text27                             130A     130A       42         0
                text25                             13F8     13F8       30         0
                text24                              8C6      8C6      19E         0
                text23                               BE       BE      34E         0
                text22                             14F4     14F4       16         0
                text21                             11E2     11E2       50         0
                text20                             10DE     10DE       9E         0
                text19                             127C     127C       4A         0
                text18                             12C6     12C6       44         0
                text17                             1232     1232       4A         0
                text16                              A64      A64      176         0
                text15                             14C2     14C2       1A         0
                text14                              F42      F42       EE         0
                text13                             1428     1428       2A         0
                text12                             1526     1526        8         0
                text11                             150A     150A       12         0
                text10                             13C4     13C4       34         0
                text9                              151C     151C        A         0
                text8                              152E     152E        4         0
                text7                              138A     138A       3A         0
                text6                              1478     1478       26         0
                text5                              1030     1030       AE         0
                text4                               E3E      E3E      104         0
                text3                               D1E      D1E      120         0
                text2                               BDA      BDA      144         0
                text1                              149E     149E       24         0
                text0                               40C      40C      27C         0
                cinit                              1452     1452       26         0

        CLASS   CONST          

        CLASS   SMALLCONST     

        CLASS   MEDIUMCONST    

        CLASS   COMRAM         
                temp                                 4A       4A        1         1
                cstackCOMRAM                          1        1       27         1
                bssCOMRAM                            28       28       1E         1
                nvCOMRAM                             46       46        4         1

        CLASS   ABS1           

        CLASS   BIGRAM         

        CLASS   RAM            

        CLASS   BANK0          
                cstackBANK0                          60       60       43         1
                bssBANK0                             A3       A3        A         1

        CLASS   BANK1          

        CLASS   BANK2          

        CLASS   BANK3          

        CLASS   BANK4          

        CLASS   BANK5          

        CLASS   BANK6          

        CLASS   BANK7          

        CLASS   BANK8          

        CLASS   BANK9          

        CLASS   BANK10         

        CLASS   BANK11         

        CLASS   BANK12         

        CLASS   BANK13         

        CLASS   BANK14         

        CLASS   SFR            

        CLASS   FARRAM         

        CLASS   CONFIG         
                config                           300000   300000        E         0

        CLASS   IDLOC          
                idloc                            200000   200000        8         0

        CLASS   EEDATA         



SEGMENTS        Name                           Load    Length   Top    Selector   Space  Class

                reset_vec                      000000  000004  000004         0       0  CODE    
                cstackCOMRAM                   000001  00004A  00004B         1       1  COMRAM  
                intcode                        000008  00152E  001536         4       0  CODE    
                cstackBANK0                    000060  00004D  0000AD        60       1  BANK0   
                idloc                          200000  000008  200008    200000       0  IDLOC   
                config                         300000  00000E  30000E    300000       0  CONFIG  


UNUSED ADDRESS RANGES

        Name                Unused          Largest block    Delta
        BANK0            0000AD-0000FF               53
        BANK1            000100-0001FF              100
        BANK10           000A00-000AFF              100
        BANK11           000B00-000BFF              100
        BANK12           000C00-000CFF              100
        BANK13           000D00-000DFF              100
        BANK14           000E00-000E40               41
        BANK2            000200-0002FF              100
        BANK3            000300-0003FF              100
        BANK4            000400-0004FF              100
        BANK5            000500-0005FF              100
        BANK6            000600-0006FF              100
        BANK7            000700-0007FF              100
        BANK8            000800-0008FF              100
        BANK9            000900-0009FF              100
        BIGRAM           00004B-00005F               15
                         0000AD-000E40              D94
        CODE             000004-000007                4
                         001536-00FFFF             EACA
        COMRAM           00004B-00005F               15
        CONST            000004-000007                4
                         001536-00FFFF             EACA
        EEDATA           F00000-F003FF              400
        MEDIUMCONST      001536-00FFFF             EACA
        RAM              0000AD-000E40              100
        SFR              000E41-000FFF               BF
        SMALLCONST       001536-00FFFF              100
        STACK            0000AD-000E40              D94

                                  Symbol Table

?_ADC_GetConversion                       cstackCOMRAM 000014
?___ftdiv                                 cstackCOMRAM 00001C
?___ftmul                                 cstackCOMRAM 00001F
?___ftpack                                cstackCOMRAM 000014
?___fttol                                 cstackBANK0  000066
?___lwtoft                                cstackCOMRAM 00001C
ADC_GetConversion@channel                 cstackCOMRAM 000018
BNO055_Initialize@id                      cstackCOMRAM 000024
BNO055_Initialize@message                 cstackCOMRAM 000025
BNO055_Initialize@pflag                   cstackCOMRAM 000026
CAN_transmit@returnValue                  cstackBANK0  000060
CAN_transmit@tempCanMsg                   cstackCOMRAM 000026
CAN_transmit@tempEIDH                     cstackBANK0  000061
CAN_transmit@tempEIDL                     cstackBANK0  000062
CAN_transmit@tempSIDH                     cstackBANK0  000063
CAN_transmit@tempSIDL                     cstackBANK0  000064
CCP2_CaptureISR@module                    cstackCOMRAM 000003
I2C_ISR@i2c_10bit_address_restart         bssCOMRAM    000039
I2C_ISR@i2c_address                       bssCOMRAM    000044
I2C_ISR@i2c_bytes_left                    bssCOMRAM    00003A
I2C_ISR@pi2c_buf_ptr                      bssCOMRAM    00002F
I2C_MasterRead@address                    cstackCOMRAM 000020
I2C_MasterRead@length                     cstackCOMRAM 00001F
I2C_MasterRead@pdata                      cstackCOMRAM 00001D
I2C_MasterRead@pflag                      cstackCOMRAM 000022
I2C_MasterRead@trBlock                    bssBANK0     0000A3
I2C_MasterReadTRBBuild@address            cstackCOMRAM 000019
I2C_MasterReadTRBBuild@length             cstackCOMRAM 000018
I2C_MasterReadTRBBuild@pdata              cstackCOMRAM 000016
I2C_MasterReadTRBBuild@ptrb               cstackCOMRAM 000014
I2C_MasterTRBInsert@count                 cstackCOMRAM 000019
I2C_MasterTRBInsert@pflag                 cstackCOMRAM 000016
I2C_MasterTRBInsert@ptrb_list             cstackCOMRAM 000014
I2C_MasterWrite@address                   cstackCOMRAM 000020
I2C_MasterWrite@length                    cstackCOMRAM 00001F
I2C_MasterWrite@pdata                     cstackCOMRAM 00001D
I2C_MasterWrite@pflag                     cstackCOMRAM 000022
I2C_MasterWrite@trBlock                   bssBANK0     0000A8
I2C_MasterWriteTRBBuild@address           cstackCOMRAM 000019
I2C_MasterWriteTRBBuild@length            cstackCOMRAM 000018
I2C_MasterWriteTRBBuild@pdata             cstackCOMRAM 000016
I2C_MasterWriteTRBBuild@ptrb              cstackCOMRAM 000014
I2C_Stop@completion_code                  cstackCOMRAM 000003
TMR1_SetInterruptHandler@InterruptHandler cstackCOMRAM 000014
_ADCON0                                   (abs)        000FC2
_ADCON0bits                               (abs)        000FC2
_ADCON1                                   (abs)        000FC1
_ADCON2                                   (abs)        000FC0
_ADC_GetConversion                        text25       0013F8
_ADC_Initialize                           text22       0014F4
_ADRESH                                   (abs)        000FC4
_ADRESL                                   (abs)        000FC3
_ANCON0                                   (abs)        000F5D
_ANCON1                                   (abs)        000F5C
_BNO055_Initialize                        text16       000A64
_BRGCON1                                  (abs)        000E43
_BRGCON2                                  (abs)        000E44
_BRGCON3                                  (abs)        000E45
_CANCON                                   (abs)        000F6F
_CANSTAT                                  (abs)        000F6E
_CAN_transmit                             text23       0000BE
_CCP2CON                                  (abs)        000F50
_CCP2_CaptureISR                          text33       00117C
_CCP2_Initialize                          text15       0014C2
_CCPR2H                                   (abs)        000F52
_CCPR2L                                   (abs)        000F51
_CCPTMRSbits                              (abs)        000F99
_CIOCONbits                               (abs)        000F70
_COMSTATbits                              (abs)        000F71
_ECANCON                                  (abs)        000F72
_ECAN_Initialize                          text14       000F42
_EEADR                                    (abs)        000F74
_EEADRH                                   (abs)        000F75
_EECON1bits                               (abs)        000F7F
_EECON2                                   (abs)        000F7E
_EEDATA                                   (abs)        000F73
_I2C_BusCollisionISR                      text32       001534
_I2C_FunctionComplete                     text31       0014DC
_I2C_ISR                                  text29       000688
_I2C_Initialize                           text13       001428
_I2C_MasterRead                           text19       00127C
_I2C_MasterReadTRBBuild                   text21       0011E2
_I2C_MasterTRBInsert                      text20       0010DE
_I2C_MasterWrite                          text17       001232
_I2C_MasterWriteTRBBuild                  text18       0012C6
_I2C_Stop                                 text30       00134C
_INTCONbits                               (abs)        000FF2
_INTERRUPT_Initialize                     text12       001526
_INTERRUPT_InterruptManager               intcode      000008
_LATA                                     (abs)        000F89
_LATB                                     (abs)        000F8A
_LATC                                     (abs)        000F8B
_LATD                                     (abs)        000F8C
_LATE                                     (abs)        000F8D
_OSCCON                                   (abs)        000FD3
_OSCCON2                                  (abs)        000FD2
_OSCILLATOR_Initialize                    text11       00150A
_OSCTUNE                                  (abs)        000F9B
_PIE1bits                                 (abs)        000F9D
_PIE2bits                                 (abs)        000FA0
_PIE3bits                                 (abs)        000FA3
_PIE5bits                                 (abs)        000F76
_PIN_MANAGER_Initialize                   text10       0013C4
_PIR1bits                                 (abs)        000F9E
_PIR2bits                                 (abs)        000FA1
_PIR3bits                                 (abs)        000FA4
_PIR4bits                                 (abs)        000FB7
_PIR5bits                                 (abs)        000F77
_RCONbits                                 (abs)        000FD0
_REFOCON                                  (abs)        000F9A
_RXB0CONbits                              (abs)        000F60
_RXB0D0                                   (abs)        000F66
_RXB0D1                                   (abs)        000F67
_RXB0D2                                   (abs)        000F68
_RXB0D3                                   (abs)        000F69
_RXB0D4                                   (abs)        000F6A
_RXB0D5                                   (abs)        000F6B
_RXB0D6                                   (abs)        000F6C
_RXB0D7                                   (abs)        000F6D
_RXB0DLC                                  (abs)        000F65
_RXB0EIDH                                 (abs)        000F63
_RXB0EIDL                                 (abs)        000F64
_RXB0SIDH                                 (abs)        000F61
_RXB0SIDL                                 (abs)        000F62
_RXB1CONbits                              (abs)        000F30
_RXB1D0                                   (abs)        000F36
_RXB1D1                                   (abs)        000F37
_RXB1D2                                   (abs)        000F38
_RXB1D3                                   (abs)        000F39
_RXB1D4                                   (abs)        000F3A
_RXB1D5                                   (abs)        000F3B
_RXB1D6                                   (abs)        000F3C
_RXB1D7                                   (abs)        000F3D
_RXB1DLC                                  (abs)        000F35
_RXB1EIDH                                 (abs)        000F33
_RXB1EIDL                                 (abs)        000F34
_RXB1SIDH                                 (abs)        000F31
_RXB1SIDL                                 (abs)        000F32
_RXF0EIDH                                 (abs)        000EE2
_RXF0EIDL                                 (abs)        000EE3
_RXF0SIDH                                 (abs)        000EE0
_RXF0SIDL                                 (abs)        000EE1
_RXF1EIDH                                 (abs)        000EE6
_RXF1EIDL                                 (abs)        000EE7
_RXF1SIDH                                 (abs)        000EE4
_RXF1SIDL                                 (abs)        000EE5
_RXF2EIDH                                 (abs)        000EEA
_RXF2EIDL                                 (abs)        000EEB
_RXF2SIDH                                 (abs)        000EE8
_RXF2SIDL                                 (abs)        000EE9
_RXF3EIDH                                 (abs)        000EEE
_RXF3EIDL                                 (abs)        000EEF
_RXF3SIDH                                 (abs)        000EEC
_RXF3SIDL                                 (abs)        000EED
_RXF4EIDH                                 (abs)        000EF2
_RXF4EIDL                                 (abs)        000EF3
_RXF4SIDH                                 (abs)        000EF0
_RXF4SIDL                                 (abs)        000EF1
_RXF5EIDH                                 (abs)        000EF6
_RXF5EIDL                                 (abs)        000EF7
_RXF5SIDH                                 (abs)        000EF4
_RXF5SIDL                                 (abs)        000EF5
_RXM0EIDH                                 (abs)        000EFA
_RXM0EIDL                                 (abs)        000EFB
_RXM0SIDH                                 (abs)        000EF8
_RXM0SIDL                                 (abs)        000EF9
_RXM1EIDH                                 (abs)        000EFE
_RXM1EIDL                                 (abs)        000EFF
_RXM1SIDH                                 (abs)        000EFC
_RXM1SIDL                                 (abs)        000EFD
_SSPADD                                   (abs)        000FC8
_SSPBUF                                   (abs)        000FC9
_SSPCON1                                  (abs)        000FC6
_SSPCON1bits                              (abs)        000FC6
_SSPCON2bits                              (abs)        000FC5
_SSPSTAT                                  (abs)        000FC7
_SYSTEM_Initialize                        text6        001478
_T1CON                                    (abs)        000FCD
_T1CONbits                                (abs)        000FCD
_T1GCON                                   (abs)        000FAA
_T1GCONbits                               (abs)        000FAA
_TABLAT                                   (abs)        000FF5
_TBLPTRH                                  (abs)        000FF7
_TBLPTRL                                  (abs)        000FF6
_TBLPTRU                                  (abs)        000FF8
_TMR1H                                    (abs)        000FCF
_TMR1L                                    (abs)        000FCE
_TMR1_DefaultInterruptHandler             text28       001532
_TMR1_ISR                                 text27       00130A
_TMR1_Initialize                          text7        00138A
_TMR1_InterruptHandler                    nvCOMRAM     000046
_TMR1_SetInterruptHandler                 text9        00151C
_TMR1_StartTimer                          text8        00152E
_TRISA                                    (abs)        000F92
_TRISB                                    (abs)        000F93
_TRISC                                    (abs)        000F94
_TRISD                                    (abs)        000F95
_TRISE                                    (abs)        000F96
_TXB0CONbits                              (abs)        000F20
_TXB0D0                                   (abs)        000F26
_TXB0D1                                   (abs)        000F27
_TXB0D2                                   (abs)        000F28
_TXB0D3                                   (abs)        000F29
_TXB0D4                                   (abs)        000F2A
_TXB0D5                                   (abs)        000F2B
_TXB0D6                                   (abs)        000F2C
_TXB0D7                                   (abs)        000F2D
_TXB0DLC                                  (abs)        000F25
_TXB0EIDH                                 (abs)        000F23
_TXB0EIDL                                 (abs)        000F24
_TXB0SIDH                                 (abs)        000F21
_TXB0SIDL                                 (abs)        000F22
_TXB1CONbits                              (abs)        000F10
_TXB1D0                                   (abs)        000F16
_TXB1D1                                   (abs)        000F17
_TXB1D2                                   (abs)        000F18
_TXB1D3                                   (abs)        000F19
_TXB1D4                                   (abs)        000F1A
_TXB1D5                                   (abs)        000F1B
_TXB1D6                                   (abs)        000F1C
_TXB1D7                                   (abs)        000F1D
_TXB1DLC                                  (abs)        000F15
_TXB1EIDH                                 (abs)        000F13
_TXB1EIDL                                 (abs)        000F14
_TXB1SIDH                                 (abs)        000F11
_TXB1SIDL                                 (abs)        000F12
_TXB2CONbits                              (abs)        000F00
_TXB2D0                                   (abs)        000F06
_TXB2D1                                   (abs)        000F07
_TXB2D2                                   (abs)        000F08
_TXB2D3                                   (abs)        000F09
_TXB2D4                                   (abs)        000F0A
_TXB2D5                                   (abs)        000F0B
_TXB2D6                                   (abs)        000F0C
_TXB2D7                                   (abs)        000F0D
_TXB2DLC                                  (abs)        000F05
_TXB2EIDH                                 (abs)        000F03
_TXB2EIDL                                 (abs)        000F04
_TXB2SIDH                                 (abs)        000F01
_TXB2SIDL                                 (abs)        000F02
_WPUB                                     (abs)        000F5B
__CFG_BBSIZ$BB2K                          (abs)        000000
__CFG_BOREN$SBORDIS                       (abs)        000000
__CFG_BORPWR$ZPBORMV                      (abs)        000000
__CFG_BORV$3                              (abs)        000000
__CFG_CANMX$PORTB                         (abs)        000000
__CFG_CP0$OFF                             (abs)        000000
__CFG_CP1$OFF                             (abs)        000000
__CFG_CP2$OFF                             (abs)        000000
__CFG_CP3$OFF                             (abs)        000000
__CFG_CPB$OFF                             (abs)        000000
__CFG_CPD$OFF                             (abs)        000000
__CFG_EBTR0$OFF                           (abs)        000000
__CFG_EBTR1$OFF                           (abs)        000000
__CFG_EBTR2$OFF                           (abs)        000000
__CFG_EBTR3$OFF                           (abs)        000000
__CFG_EBTRB$OFF                           (abs)        000000
__CFG_FCMEN$OFF                           (abs)        000000
__CFG_FOSC$HS1                            (abs)        000000
__CFG_IESO$OFF                            (abs)        000000
__CFG_INTOSCSEL$HIGH                      (abs)        000000
__CFG_MCLRE$ON                            (abs)        000000
__CFG_MSSPMSK$MSK7                        (abs)        000000
__CFG_PLLCFG$OFF                          (abs)        000000
__CFG_PWRTEN$OFF                          (abs)        000000
__CFG_RETEN$OFF                           (abs)        000000
__CFG_SOSCSEL$HIGH                        (abs)        000000
__CFG_STVREN$ON                           (abs)        000000
__CFG_WDTEN$OFF                           (abs)        000000
__CFG_WDTPS$1048576                       (abs)        000000
__CFG_WRT0$OFF                            (abs)        000000
__CFG_WRT1$OFF                            (abs)        000000
__CFG_WRT2$OFF                            (abs)        000000
__CFG_WRT3$OFF                            (abs)        000000
__CFG_WRTB$OFF                            (abs)        000000
__CFG_WRTC$OFF                            (abs)        000000
__CFG_WRTD$OFF                            (abs)        000000
__CFG_XINST$OFF                           (abs)        000000
__HRAM                                    (abs)        000000
__Habs1                                   abs1         000000
__Hbank0                                  bank0        000000
__Hbank1                                  bank1        000000
__Hbank10                                 bank10       000000
__Hbank11                                 bank11       000000
__Hbank12                                 bank12       000000
__Hbank13                                 bank13       000000
__Hbank14                                 bank14       000000
__Hbank2                                  bank2        000000
__Hbank3                                  bank3        000000
__Hbank4                                  bank4        000000
__Hbank5                                  bank5        000000
__Hbank6                                  bank6        000000
__Hbank7                                  bank7        000000
__Hbank8                                  bank8        000000
__Hbank9                                  bank9        000000
__Hbigbss                                 bigbss       000000
__Hbigdata                                bigdata      000000
__Hbigram                                 bigram       000000
__Hbss                                    bss          000000
__HbssBANK0                               bssBANK0     000000
__HbssCOMRAM                              bssCOMRAM    000000
__Hcinit                                  cinit        000000
__Hclrtext                                clrtext      000000
__Hcomram                                 comram       000000
__Hconfig                                 config       30000E
__Hconst                                  const        000000
__HcstackBANK0                            cstackBANK0  000000
__HcstackCOMRAM                           cstackCOMRAM 000000
__Hdata                                   data         000000
__Heeprom_data                            eeprom_data  000000
__Hfarbss                                 farbss       000000
__Hfardata                                fardata      000000
__Hibigdata                               ibigdata     000000
__Hidata                                  idata        000000
__Hidloc                                  idloc        200008
__Hifardata                               ifardata     000000
__Hinit                                   init         0000BE
__Hintcode                                intcode      0000BA
__Hintcode_body                           intcode_body 000000
__Hintcodelo                              intcodelo    0000BA
__Hintentry                               intentry     000000
__Hintret                                 intret       000000
__Hintsave_regs                           intsave_regs 000000
__Hirdata                                 irdata       000000
__Hmediumconst                            mediumconst  000000
__HnvCOMRAM                               nvCOMRAM     000000
__HnvFARRAM                               nvFARRAM     000000
__Hnvbit                                  nvbit        000000
__Hnvrram                                 nvrram       000000
__Hparam                                  rparam       000000
__Hpowerup                                powerup      0000BA
__Hram                                    ram          000000
__Hramtop                                 ramtop       000F00
__Hrbit                                   rbit         000000
__Hrbss                                   rbss         000000
__Hrdata                                  rdata        000000
__Hreset_vec                              reset_vec    000004
__Hrparam                                 rparam       000000
__Hsfr                                    sfr          000000
__Hsmallconst                             smallconst   000000
__Hspace_0                                (abs)        30000E
__Hspace_1                                (abs)        0000AD
__Hspace_2                                (abs)        000000
__Hstack                                  stack        000000
__Hstruct                                 struct       000000
__Htemp                                   temp         00004B
__Htext                                   text         000000
__Htext0                                  text0        000000
__Htext1                                  text1        000000
__Htext10                                 text10       000000
__Htext11                                 text11       000000
__Htext12                                 text12       000000
__Htext13                                 text13       000000
__Htext14                                 text14       000000
__Htext15                                 text15       000000
__Htext16                                 text16       000000
__Htext17                                 text17       000000
__Htext18                                 text18       000000
__Htext19                                 text19       000000
__Htext2                                  text2        000000
__Htext20                                 text20       000000
__Htext21                                 text21       000000
__Htext22                                 text22       000000
__Htext23                                 text23       000000
__Htext24                                 text24       000000
__Htext25                                 text25       000000
__Htext27                                 text27       000000
__Htext28                                 text28       000000
__Htext29                                 text29       000000
__Htext3                                  text3        000000
__Htext30                                 text30       000000
__Htext31                                 text31       000000
__Htext32                                 text32       000000
__Htext33                                 text33       000000
__Htext34                                 text34       000000
__Htext4                                  text4        000000
__Htext5                                  text5        000000
__Htext6                                  text6        000000
__Htext7                                  text7        000000
__Htext8                                  text8        000000
__Htext9                                  text9        000000
__LRAM                                    (abs)        000001
__Labs1                                   abs1         000000
__Lbank0                                  bank0        000000
__Lbank1                                  bank1        000000
__Lbank10                                 bank10       000000
__Lbank11                                 bank11       000000
__Lbank12                                 bank12       000000
__Lbank13                                 bank13       000000
__Lbank14                                 bank14       000000
__Lbank2                                  bank2        000000
__Lbank3                                  bank3        000000
__Lbank4                                  bank4        000000
__Lbank5                                  bank5        000000
__Lbank6                                  bank6        000000
__Lbank7                                  bank7        000000
__Lbank8                                  bank8        000000
__Lbank9                                  bank9        000000
__Lbigbss                                 bigbss       000000
__Lbigdata                                bigdata      000000
__Lbigram                                 bigram       000000
__Lbss                                    bss          000000
__LbssBANK0                               bssBANK0     000000
__LbssCOMRAM                              bssCOMRAM    000000
__Lcinit                                  cinit        000000
__Lclrtext                                clrtext      000000
__Lcomram                                 comram       000000
__Lconfig                                 config       300000
__Lconst                                  const        000000
__LcstackBANK0                            cstackBANK0  000000
__LcstackCOMRAM                           cstackCOMRAM 000000
__Ldata                                   data         000000
__Leeprom_data                            eeprom_data  000000
__Lfarbss                                 farbss       000000
__Lfardata                                fardata      000000
__Libigdata                               ibigdata     000000
__Lidata                                  idata        000000
__Lidloc                                  idloc        200000
__Lifardata                               ifardata     000000
__Linit                                   init         0000BA
__Lintcode                                intcode      000008
__Lintcode_body                           intcode_body 000000
__Lintcodelo                              intcodelo    0000BA
__Lintentry                               intentry     000000
__Lintret                                 intret       000000
__Lintsave_regs                           intsave_regs 000000
__Lirdata                                 irdata       000000
__Lmediumconst                            mediumconst  000000
__LnvCOMRAM                               nvCOMRAM     000000
__LnvFARRAM                               nvFARRAM     000000
__Lnvbit                                  nvbit        000000
__Lnvrram                                 nvrram       000000
__Lparam                                  rparam       000000
__Lpowerup                                powerup      0000BA
__Lram                                    ram          000000
__Lramtop                                 ramtop       000F00
__Lrbit                                   rbit         000000
__Lrbss                                   rbss         000000
__Lrdata                                  rdata        000000
__Lreset_vec                              reset_vec    000000
__Lrparam                                 rparam       000000
__Lsfr                                    sfr          000000
__Lsmallconst                             smallconst   000000
__Lspace_0                                (abs)        000000
__Lspace_1                                (abs)        000000
__Lspace_2                                (abs)        000000
__Lstack                                  stack        000000
__Lstruct                                 struct       000000
__Ltemp                                   temp         00004A
__Ltext                                   text         000000
__Ltext0                                  text0        000000
__Ltext1                                  text1        000000
__Ltext10                                 text10       000000
__Ltext11                                 text11       000000
__Ltext12                                 text12       000000
__Ltext13                                 text13       000000
__Ltext14                                 text14       000000
__Ltext15                                 text15       000000
__Ltext16                                 text16       000000
__Ltext17                                 text17       000000
__Ltext18                                 text18       000000
__Ltext19                                 text19       000000
__Ltext2                                  text2        000000
__Ltext20                                 text20       000000
__Ltext21                                 text21       000000
__Ltext22                                 text22       000000
__Ltext23                                 text23       000000
__Ltext24                                 text24       000000
__Ltext25                                 text25       000000
__Ltext27                                 text27       000000
__Ltext28                                 text28       000000
__Ltext29                                 text29       000000
__Ltext3                                  text3        000000
__Ltext30                                 text30       000000
__Ltext31                                 text31       000000
__Ltext32                                 text32       000000
__Ltext33                                 text33       000000
__Ltext34                                 text34       000000
__Ltext4                                  text4        000000
__Ltext5                                  text5        000000
__Ltext6                                  text6        000000
__Ltext7                                  text7        000000
__Ltext8                                  text8        000000
__Ltext9                                  text9        000000
__S0                                      (abs)        30000E
__S1                                      (abs)        0000AD
__S2                                      (abs)        000000
___ftdiv                                  text4        000E3E
___ftdiv@cntr                             cstackBANK0  000060
___ftdiv@exp                              cstackBANK0  000064
___ftdiv@f1                               cstackCOMRAM 00001C
___ftdiv@f2                               cstackCOMRAM 00001F
___ftdiv@f3                               cstackBANK0  000061
___ftdiv@sign                             cstackBANK0  000065
___ftmul                                  text3        000D1E
___ftmul@cntr                             cstackBANK0  000064
___ftmul@exp                              cstackBANK0  000060
___ftmul@f1                               cstackCOMRAM 00001F
___ftmul@f2                               cstackCOMRAM 000022
___ftmul@f3_as_product                    cstackBANK0  000061
___ftmul@sign                             cstackBANK0  000065
___ftpack                                 text5        001030
___ftpack@arg                             cstackCOMRAM 000014
___ftpack@exp                             cstackCOMRAM 000017
___ftpack@sign                            cstackCOMRAM 000018
___fttol                                  text2        000BDA
___fttol@exp1                             cstackBANK0  000074
___fttol@f1                               cstackBANK0  000066
___fttol@lval                             cstackBANK0  000070
___fttol@sign1                            cstackBANK0  00006F
___inthi_sp                               stack        000000
___intlo_sp                               stack        000000
___lwtoft                                 text1        00149E
___lwtoft@c                               cstackCOMRAM 00001C
___param_bank                             (abs)        000000
___rparam_used                            (abs)        000001
___sp                                     stack        000000
__accesstop                               (abs)        000060
__activetblptr                            (abs)        000002
__end_of_ADC_GetConversion                text25       001428
__end_of_ADC_Initialize                   text22       00150A
__end_of_BNO055_Initialize                text16       000BDA
__end_of_CAN_transmit                     text23       00040C
__end_of_CCP2_CaptureISR                  text33       0011E2
__end_of_CCP2_Initialize                  text15       0014DC
__end_of_ECAN_Initialize                  text14       001030
__end_of_I2C_BusCollisionISR              text32       001536
__end_of_I2C_FunctionComplete             text31       0014F4
__end_of_I2C_ISR                          text29       0008C6
__end_of_I2C_Initialize                   text13       001452
__end_of_I2C_MasterRead                   text19       0012C6
__end_of_I2C_MasterReadTRBBuild           text21       001232
__end_of_I2C_MasterTRBInsert              text20       00117C
__end_of_I2C_MasterWrite                  text17       00127C
__end_of_I2C_MasterWriteTRBBuild          text18       00130A
__end_of_I2C_Stop                         text30       00138A
__end_of_INTERRUPT_Initialize             text12       00152E
__end_of_INTERRUPT_InterruptManager       intcode      0000BA
__end_of_OSCILLATOR_Initialize            text11       00151C
__end_of_PIN_MANAGER_Initialize           text10       0013F8
__end_of_SYSTEM_Initialize                text6        00149E
__end_of_TMR1_DefaultInterruptHandler     text28       001534
__end_of_TMR1_ISR                         text27       00134C
__end_of_TMR1_Initialize                  text7        0013C4
__end_of_TMR1_SetInterruptHandler         text9        001526
__end_of_TMR1_StartTimer                  text8        001532
__end_of___ftdiv                          text4        000F42
__end_of___ftmul                          text3        000E3E
__end_of___ftpack                         text5        0010DE
__end_of___fttol                          text2        000D1E
__end_of___lwtoft                         text1        0014C2
__end_of__initialization                  cinit        00146A
__end_of_convertCANid2Reg                 text24       000A64
__end_of_main                             text0        000688
__initialization                          cinit        001452
__mediumconst                             mediumconst  000000
__pbssBANK0                               bssBANK0     0000A3
__pbssCOMRAM                              bssCOMRAM    000028
__pcinit                                  cinit        001452
__pcstackBANK0                            cstackBANK0  000060
__pcstackCOMRAM                           cstackCOMRAM 000001
__pintcode                                intcode      000008
__pnvCOMRAM                               nvCOMRAM     000046
__ptext0                                  text0        00040C
__ptext1                                  text1        00149E
__ptext10                                 text10       0013C4
__ptext11                                 text11       00150A
__ptext12                                 text12       001526
__ptext13                                 text13       001428
__ptext14                                 text14       000F42
__ptext15                                 text15       0014C2
__ptext16                                 text16       000A64
__ptext17                                 text17       001232
__ptext18                                 text18       0012C6
__ptext19                                 text19       00127C
__ptext2                                  text2        000BDA
__ptext20                                 text20       0010DE
__ptext21                                 text21       0011E2
__ptext22                                 text22       0014F4
__ptext23                                 text23       0000BE
__ptext24                                 text24       0008C6
__ptext25                                 text25       0013F8
__ptext27                                 text27       00130A
__ptext28                                 text28       001532
__ptext29                                 text29       000688
__ptext3                                  text3        000D1E
__ptext30                                 text30       00134C
__ptext31                                 text31       0014DC
__ptext32                                 text32       001534
__ptext33                                 text33       00117C
__ptext34                                 text34       000000
__ptext4                                  text4        000E3E
__ptext5                                  text5        001030
__ptext6                                  text6        001478
__ptext7                                  text7        00138A
__ptext8                                  text8        00152E
__ptext9                                  text9        00151C
__ramtop                                  ramtop       000F00
__size_of_ADC_GetConversion               (abs)        000000
__size_of_ADC_Initialize                  (abs)        000000
__size_of_BNO055_Initialize               (abs)        000000
__size_of_CAN_transmit                    (abs)        000000
__size_of_CCP2_CaptureISR                 (abs)        000000
__size_of_CCP2_Initialize                 (abs)        000000
__size_of_ECAN_Initialize                 (abs)        000000
__size_of_I2C_BusCollisionISR             (abs)        000000
__size_of_I2C_FunctionComplete            (abs)        000000
__size_of_I2C_ISR                         (abs)        000000
__size_of_I2C_Initialize                  (abs)        000000
__size_of_I2C_MasterRead                  (abs)        000000
__size_of_I2C_MasterReadTRBBuild          (abs)        000000
__size_of_I2C_MasterTRBInsert             (abs)        000000
__size_of_I2C_MasterWrite                 (abs)        000000
__size_of_I2C_MasterWriteTRBBuild         (abs)        000000
__size_of_I2C_Stop                        (abs)        000000
__size_of_INTERRUPT_Initialize            (abs)        000000
__size_of_INTERRUPT_InterruptManager      (abs)        000000
__size_of_OSCILLATOR_Initialize           (abs)        000000
__size_of_PIN_MANAGER_Initialize          (abs)        000000
__size_of_SYSTEM_Initialize               (abs)        000000
__size_of_TMR1_DefaultInterruptHandler    (abs)        000000
__size_of_TMR1_ISR                        (abs)        000000
__size_of_TMR1_Initialize                 (abs)        000000
__size_of_TMR1_SetInterruptHandler        (abs)        000000
__size_of_TMR1_StartTimer                 (abs)        000000
__size_of___ftdiv                         (abs)        000000
__size_of___ftmul                         (abs)        000000
__size_of___ftpack                        (abs)        000000
__size_of___fttol                         (abs)        000000
__size_of___lwtoft                        (abs)        000000
__size_of_convertCANid2Reg                (abs)        000000
__size_of_main                            (abs)        000000
__smallconst                              smallconst   000000
_convertCANid2Reg                         text24       0008C6
_cycle_num                                bssCOMRAM    00003E
_i2c_object                               bssCOMRAM    000028
_i2c_state                                bssCOMRAM    00003C
_i2c_tr_queue                             bssCOMRAM    00003F
_i2c_trb_count                            bssCOMRAM    00003B
_main                                     text0        00040C
_p_i2c_current                            bssCOMRAM    000031
_p_i2c_trb_current                        bssCOMRAM    000033
_prev_reading                             bssCOMRAM    000035
_read_available                           bssCOMRAM    00003D
_time_diff                                bssCOMRAM    000037
_timer1ReloadVal                          nvCOMRAM     000048
btemp                                     temp         00004A
convertCANid2Reg@canIdType                cstackCOMRAM 000018
convertCANid2Reg@passedInEIDH             cstackCOMRAM 000019
convertCANid2Reg@passedInEIDL             cstackCOMRAM 00001B
convertCANid2Reg@passedInSIDH             cstackCOMRAM 00001D
convertCANid2Reg@passedInSIDL             cstackCOMRAM 00001F
convertCANid2Reg@tempPassedInID           cstackCOMRAM 000014
convertCANid2Reg@wipSIDL                  cstackCOMRAM 000025
end_of_initialization                     cinit        00146A
int$flags                                 temp         00004A
intlevel0                                 text         000000
intlevel1                                 text         000000
intlevel2                                 text         000000
intlevel3                                 text         000000
main@ADCResult                            cstackBANK0  00007B
main@ADC_result_H                         cstackBANK0  000084
main@ADC_result_L                         cstackBANK0  000085
main@G_sensor_data                        cstackBANK0  000087
main@VDD                                  cstackBANK0  000075
main@linear_accel_x_LSB                   cstackBANK0  00007E
main@linear_accel_x_MSB                   cstackBANK0  00007F
main@linear_accel_y_LSB                   cstackBANK0  000080
main@linear_accel_y_MSB                   cstackBANK0  000081
main@linear_accel_z_LSB                   cstackBANK0  000082
main@linear_accel_z_MSB                   cstackBANK0  000083
main@message                              cstackBANK0  00007D
main@status                               cstackBANK0  000086
main@test                                 cstackBANK0  000095
main@x                                    cstackBANK0  000078
stackhi                                   (abs)        000E40
stacklo                                   (abs)        0000AD
start                                     init         0000BA
start_initialization                      cinit        001452


FUNCTION INFORMATION:

 *************** function _main *****************
 Defined at:
		line 51 in file "main.c"
 Parameters:    Size  Location     Type
		None
 Auto vars:     Size  Location     Type
  test           14   53[BANK0 ] struct .
  G_sensor_dat   14   39[BANK0 ] struct .
  x               3   24[BANK0 ] struct .
  VDD             3   21[BANK0 ] struct .
  ADCResult       2   27[BANK0 ] unsigned int 
  status          1   38[BANK0 ] enum E15164
  ADC_result_L    1   37[BANK0 ] unsigned char 
  ADC_result_H    1   36[BANK0 ] unsigned char 
  linear_accel    1   35[BANK0 ] unsigned char 
  linear_accel    1   34[BANK0 ] unsigned char 
  linear_accel    1   33[BANK0 ] unsigned char 
  linear_accel    1   32[BANK0 ] unsigned char 
  linear_accel    1   31[BANK0 ] unsigned char 
  linear_accel    1   30[BANK0 ] unsigned char 
  message         1   29[BANK0 ] unsigned char 
 Return value:  Size  Location     Type
                  1    wreg      void 
 Registers used:
		wreg, fsr2l, fsr2h, status,2, status,0, cstack
 Tracked objects:
		On entry : 
		On exit  : 
		Unchanged: 
 Data sizes:     COMRAM   BANK0   BANK1   BANK2   BANK3   BANK4   BANK5   BANK6   BANK7   BANK8   BANK9  BANK10  BANK11  BANK12  BANK13  BANK14
      Params:         0       0       0       0       0       0       0       0       0       0       0       0       0       0       0       0
      Locals:         0      46       0       0       0       0       0       0       0       0       0       0       0       0       0       0
      Temps:          0       0       0       0       0       0       0       0       0       0       0       0       0       0       0       0
      Totals:         0      46       0       0       0       0       0       0       0       0       0       0       0       0       0       0
Total ram usage:       46 bytes
 Hardware stack levels required when called:    7
 This function calls:
		_ADC_GetConversion
		_CAN_transmit
		_I2C_MasterRead
		_I2C_MasterWrite
		_SYSTEM_Initialize
		___ftdiv
		___ftmul
		___fttol
		___lwtoft
 This function is called by:
		Startup code after reset
 This function uses a non-reentrant model


 *************** function ___lwtoft *****************
 Defined at:
		line 28 in file "D:\Atmel\xc8\sources\common\lwtoft.c"
 Parameters:    Size  Location     Type
  c               2   27[COMRAM] unsigned int 
 Auto vars:     Size  Location     Type
		None
 Return value:  Size  Location     Type
                  3   27[COMRAM] float 
 Registers used:
		wreg, status,2, status,0, cstack
 Tracked objects:
		On entry : 
		On exit  : 
		Unchanged: 
 Data sizes:     COMRAM   BANK0   BANK1   BANK2   BANK3   BANK4   BANK5   BANK6   BANK7   BANK8   BANK9  BANK10  BANK11  BANK12  BANK13  BANK14
      Params:         3       0       0       0       0       0       0       0       0       0       0       0       0       0       0       0
      Locals:         0       0       0       0       0       0       0       0       0       0       0       0       0       0       0       0
      Temps:          0       0       0       0       0       0       0       0       0       0       0       0       0       0       0       0
      Totals:         3       0       0       0       0       0       0       0       0       0       0       0       0       0       0       0
Total ram usage:        3 bytes
 Hardware stack levels used:    1
 Hardware stack levels required when called:    4
 This function calls:
		___ftpack
 This function is called by:
		_main
 This function uses a non-reentrant model


 *************** function ___fttol *****************
 Defined at:
		line 44 in file "D:\Atmel\xc8\sources\common\fttol.c"
 Parameters:    Size  Location     Type
  f1              3    6[BANK0 ] float 
 Auto vars:     Size  Location     Type
  lval            4   16[BANK0 ] unsigned long 
  exp1            1   20[BANK0 ] unsigned char 
  sign1           1   15[BANK0 ] unsigned char 
 Return value:  Size  Location     Type
                  4    6[BANK0 ] long 
 Registers used:
		wreg, status,2, status,0
 Tracked objects:
		On entry : 
		On exit  : 
		Unchanged: 
 Data sizes:     COMRAM   BANK0   BANK1   BANK2   BANK3   BANK4   BANK5   BANK6   BANK7   BANK8   BANK9  BANK10  BANK11  BANK12  BANK13  BANK14
      Params:         0       4       0       0       0       0       0       0       0       0       0       0       0       0       0       0
      Locals:         0       6       0       0       0       0       0       0       0       0       0       0       0       0       0       0
      Temps:          0       5       0       0       0       0       0       0       0       0       0       0       0       0       0       0
      Totals:         0      15       0       0       0       0       0       0       0       0       0       0       0       0       0       0
Total ram usage:       15 bytes
 Hardware stack levels used:    1
 Hardware stack levels required when called:    3
 This function calls:
		Nothing
 This function is called by:
		_main
 This function uses a non-reentrant model


 *************** function ___ftmul *****************
 Defined at:
		line 62 in file "D:\Atmel\xc8\sources\common\ftmul.c"
 Parameters:    Size  Location     Type
  f1              3   30[COMRAM] float 
  f2              3   33[COMRAM] float 
 Auto vars:     Size  Location     Type
  f3_as_produc    3    1[BANK0 ] unsigned um
  sign            1    5[BANK0 ] unsigned char 
  cntr            1    4[BANK0 ] unsigned char 
  exp             1    0[BANK0 ] unsigned char 
 Return value:  Size  Location     Type
                  3   30[COMRAM] float 
 Registers used:
		wreg, status,2, status,0, cstack
 Tracked objects:
		On entry : 
		On exit  : 
		Unchanged: 
 Data sizes:     COMRAM   BANK0   BANK1   BANK2   BANK3   BANK4   BANK5   BANK6   BANK7   BANK8   BANK9  BANK10  BANK11  BANK12  BANK13  BANK14
      Params:         6       0       0       0       0       0       0       0       0       0       0       0       0       0       0       0
      Locals:         0       6       0       0       0       0       0       0       0       0       0       0       0       0       0       0
      Temps:          3       0       0       0       0       0       0       0       0       0       0       0       0       0       0       0
      Totals:         9       6       0       0       0       0       0       0       0       0       0       0       0       0       0       0
Total ram usage:       15 bytes
 Hardware stack levels used:    1
 Hardware stack levels required when called:    4
 This function calls:
		___ftpack
 This function is called by:
		_main
 This function uses a non-reentrant model


 *************** function ___ftdiv *****************
 Defined at:
		line 54 in file "D:\Atmel\xc8\sources\common\ftdiv.c"
 Parameters:    Size  Location     Type
  f1              3   27[COMRAM] float 
  f2              3   30[COMRAM] float 
 Auto vars:     Size  Location     Type
  f3              3    1[BANK0 ] float 
  sign            1    5[BANK0 ] unsigned char 
  exp             1    4[BANK0 ] unsigned char 
  cntr            1    0[BANK0 ] unsigned char 
 Return value:  Size  Location     Type
                  3   27[COMRAM] float 
 Registers used:
		wreg, status,2, status,0, cstack
 Tracked objects:
		On entry : 
		On exit  : 
		Unchanged: 
 Data sizes:     COMRAM   BANK0   BANK1   BANK2   BANK3   BANK4   BANK5   BANK6   BANK7   BANK8   BANK9  BANK10  BANK11  BANK12  BANK13  BANK14
      Params:         6       0       0       0       0       0       0       0       0       0       0       0       0       0       0       0
      Locals:         0       6       0       0       0       0       0       0       0       0       0       0       0       0       0       0
      Temps:          3       0       0       0       0       0       0       0       0       0       0       0       0       0       0       0
      Totals:         9       6       0       0       0       0       0       0       0       0       0       0       0       0       0       0
Total ram usage:       15 bytes
 Hardware stack levels used:    1
 Hardware stack levels required when called:    4
 This function calls:
		___ftpack
 This function is called by:
		_main
 This function uses a non-reentrant model


 *************** function ___ftpack *****************
 Defined at:
		line 62 in file "D:\Atmel\xc8\sources\common\float.c"
 Parameters:    Size  Location     Type
  arg             3   19[COMRAM] unsigned um
  exp             1   22[COMRAM] unsigned char 
  sign            1   23[COMRAM] unsigned char 
 Auto vars:     Size  Location     Type
		None
 Return value:  Size  Location     Type
                  3   19[COMRAM] float 
 Registers used:
		wreg, status,2, status,0
 Tracked objects:
		On entry : 
		On exit  : 
		Unchanged: 
 Data sizes:     COMRAM   BANK0   BANK1   BANK2   BANK3   BANK4   BANK5   BANK6   BANK7   BANK8   BANK9  BANK10  BANK11  BANK12  BANK13  BANK14
      Params:         5       0       0       0       0       0       0       0       0       0       0       0       0       0       0       0
      Locals:         0       0       0       0       0       0       0       0       0       0       0       0       0       0       0       0
      Temps:          3       0       0       0       0       0       0       0       0       0       0       0       0       0       0       0
      Totals:         8       0       0       0       0       0       0       0       0       0       0       0       0       0       0       0
Total ram usage:        8 bytes
 Hardware stack levels used:    1
 Hardware stack levels required when called:    3
 This function calls:
		Nothing
 This function is called by:
		___ftdiv
		___ftmul
		___lwtoft
 This function uses a non-reentrant model


 *************** function _SYSTEM_Initialize *****************
 Defined at:
		line 111 in file "mcc_generated_files/mcc.c"
 Parameters:    Size  Location     Type
		None
 Auto vars:     Size  Location     Type
		None
 Return value:  Size  Location     Type
                  1    wreg      void 
 Registers used:
		wreg, fsr2l, fsr2h, status,2, status,0, cstack
 Tracked objects:
		On entry : 
		On exit  : 
		Unchanged: 
 Data sizes:     COMRAM   BANK0   BANK1   BANK2   BANK3   BANK4   BANK5   BANK6   BANK7   BANK8   BANK9  BANK10  BANK11  BANK12  BANK13  BANK14
      Params:         0       0       0       0       0       0       0       0       0       0       0       0       0       0       0       0
      Locals:         0       0       0       0       0       0       0       0       0       0       0       0       0       0       0       0
      Temps:          0       0       0       0       0       0       0       0       0       0       0       0       0       0       0       0
      Totals:         0       0       0       0       0       0       0       0       0       0       0       0       0       0       0       0
Total ram usage:        0 bytes
 Hardware stack levels used:    1
 Hardware stack levels required when called:    6
 This function calls:
		_ADC_Initialize
		_BNO055_Initialize
		_CCP2_Initialize
		_ECAN_Initialize
		_I2C_Initialize
		_INTERRUPT_Initialize
		_OSCILLATOR_Initialize
		_PIN_MANAGER_Initialize
		_TMR1_Initialize
 This function is called by:
		_main
 This function uses a non-reentrant model


 *************** function _TMR1_Initialize *****************
 Defined at:
		line 63 in file "mcc_generated_files/tmr1.c"
 Parameters:    Size  Location     Type
		None
 Auto vars:     Size  Location     Type
		None
 Return value:  Size  Location     Type
                  1    wreg      void 
 Registers used:
		wreg, status,2, status,0, cstack
 Tracked objects:
		On entry : 
		On exit  : 
		Unchanged: 
 Data sizes:     COMRAM   BANK0   BANK1   BANK2   BANK3   BANK4   BANK5   BANK6   BANK7   BANK8   BANK9  BANK10  BANK11  BANK12  BANK13  BANK14
      Params:         0       0       0       0       0       0       0       0       0       0       0       0       0       0       0       0
      Locals:         0       0       0       0       0       0       0       0       0       0       0       0       0       0       0       0
      Temps:          2       0       0       0       0       0       0       0       0       0       0       0       0       0       0       0
      Totals:         2       0       0       0       0       0       0       0       0       0       0       0       0       0       0       0
Total ram usage:        2 bytes
 Hardware stack levels used:    1
 Hardware stack levels required when called:    4
 This function calls:
		_TMR1_SetInterruptHandler
		_TMR1_StartTimer
 This function is called by:
		_SYSTEM_Initialize
 This function uses a non-reentrant model


 *************** function _TMR1_StartTimer *****************
 Defined at:
		line 95 in file "mcc_generated_files/tmr1.c"
 Parameters:    Size  Location     Type
		None
 Auto vars:     Size  Location     Type
		None
 Return value:  Size  Location     Type
                  1    wreg      void 
 Registers used:
		None
 Tracked objects:
		On entry : 
		On exit  : 
		Unchanged: 
 Data sizes:     COMRAM   BANK0   BANK1   BANK2   BANK3   BANK4   BANK5   BANK6   BANK7   BANK8   BANK9  BANK10  BANK11  BANK12  BANK13  BANK14
      Params:         0       0       0       0       0       0       0       0       0       0       0       0       0       0       0       0
      Locals:         0       0       0       0       0       0       0       0       0       0       0       0       0       0       0       0
      Temps:          0       0       0       0       0       0       0       0       0       0       0       0       0       0       0       0
      Totals:         0       0       0       0       0       0       0       0       0       0       0       0       0       0       0       0
Total ram usage:        0 bytes
 Hardware stack levels used:    1
 Hardware stack levels required when called:    3
 This function calls:
		Nothing
 This function is called by:
		_TMR1_Initialize
 This function uses a non-reentrant model


 *************** function _TMR1_SetInterruptHandler *****************
 Defined at:
		line 173 in file "mcc_generated_files/tmr1.c"
 Parameters:    Size  Location     Type
  InterruptHan    2   19[COMRAM] PTR void 
		 -> TMR1_DefaultInterruptHandler(1), 
 Auto vars:     Size  Location     Type
		None
 Return value:  Size  Location     Type
                  1    wreg      void 
 Registers used:
		wreg, status,2, status,0
 Tracked objects:
		On entry : 
		On exit  : 
		Unchanged: 
 Data sizes:     COMRAM   BANK0   BANK1   BANK2   BANK3   BANK4   BANK5   BANK6   BANK7   BANK8   BANK9  BANK10  BANK11  BANK12  BANK13  BANK14
      Params:         2       0       0       0       0       0       0       0       0       0       0       0       0       0       0       0
      Locals:         0       0       0       0       0       0       0       0       0       0       0       0       0       0       0       0
      Temps:          0       0       0       0       0       0       0       0       0       0       0       0       0       0       0       0
      Totals:         2       0       0       0       0       0       0       0       0       0       0       0       0       0       0       0
Total ram usage:        2 bytes
 Hardware stack levels used:    1
 Hardware stack levels required when called:    3
 This function calls:
		Nothing
 This function is called by:
		_TMR1_Initialize
 This function uses a non-reentrant model


 *************** function _PIN_MANAGER_Initialize *****************
 Defined at:
		line 51 in file "mcc_generated_files/pin_manager.c"
 Parameters:    Size  Location     Type
		None
 Auto vars:     Size  Location     Type
		None
 Return value:  Size  Location     Type
                  1    wreg      void 
 Registers used:
		wreg, status,2
 Tracked objects:
		On entry : 
		On exit  : 
		Unchanged: 
 Data sizes:     COMRAM   BANK0   BANK1   BANK2   BANK3   BANK4   BANK5   BANK6   BANK7   BANK8   BANK9  BANK10  BANK11  BANK12  BANK13  BANK14
      Params:         0       0       0       0       0       0       0       0       0       0       0       0       0       0       0       0
      Locals:         0       0       0       0       0       0       0       0       0       0       0       0       0       0       0       0
      Temps:          0       0       0       0       0       0       0       0       0       0       0       0       0       0       0       0
      Totals:         0       0       0       0       0       0       0       0       0       0       0       0       0       0       0       0
Total ram usage:        0 bytes
 Hardware stack levels used:    1
 Hardware stack levels required when called:    3
 This function calls:
		Nothing
 This function is called by:
		_SYSTEM_Initialize
 This function uses a non-reentrant model


 *************** function _OSCILLATOR_Initialize *****************
 Defined at:
		line 125 in file "mcc_generated_files/mcc.c"
 Parameters:    Size  Location     Type
		None
 Auto vars:     Size  Location     Type
		None
 Return value:  Size  Location     Type
                  1    wreg      void 
 Registers used:
		wreg, status,2
 Tracked objects:
		On entry : 
		On exit  : 
		Unchanged: 
 Data sizes:     COMRAM   BANK0   BANK1   BANK2   BANK3   BANK4   BANK5   BANK6   BANK7   BANK8   BANK9  BANK10  BANK11  BANK12  BANK13  BANK14
      Params:         0       0       0       0       0       0       0       0       0       0       0       0       0       0       0       0
      Locals:         0       0       0       0       0       0       0       0       0       0       0       0       0       0       0       0
      Temps:          0       0       0       0       0       0       0       0       0       0       0       0       0       0       0       0
      Totals:         0       0       0       0       0       0       0       0       0       0       0       0       0       0       0       0
Total ram usage:        0 bytes
 Hardware stack levels used:    1
 Hardware stack levels required when called:    3
 This function calls:
		Nothing
 This function is called by:
		_SYSTEM_Initialize
 This function uses a non-reentrant model


 *************** function _INTERRUPT_Initialize *****************
 Defined at:
		line 51 in file "mcc_generated_files/interrupt_manager.c"
 Parameters:    Size  Location     Type
		None
 Auto vars:     Size  Location     Type
		None
 Return value:  Size  Location     Type
                  1    wreg      void 
 Registers used:
		None
 Tracked objects:
		On entry : 
		On exit  : 
		Unchanged: 
 Data sizes:     COMRAM   BANK0   BANK1   BANK2   BANK3   BANK4   BANK5   BANK6   BANK7   BANK8   BANK9  BANK10  BANK11  BANK12  BANK13  BANK14
      Params:         0       0       0       0       0       0       0       0       0       0       0       0       0       0       0       0
      Locals:         0       0       0       0       0       0       0       0       0       0       0       0       0       0       0       0
      Temps:          0       0       0       0       0       0       0       0       0       0       0       0       0       0       0       0
      Totals:         0       0       0       0       0       0       0       0       0       0       0       0       0       0       0       0
Total ram usage:        0 bytes
 Hardware stack levels used:    1
 Hardware stack levels required when called:    3
 This function calls:
		Nothing
 This function is called by:
		_SYSTEM_Initialize
 This function uses a non-reentrant model


 *************** function _I2C_Initialize *****************
 Defined at:
		line 198 in file "mcc_generated_files/i2c.c"
 Parameters:    Size  Location     Type
		None
 Auto vars:     Size  Location     Type
		None
 Return value:  Size  Location     Type
                  1    wreg      void 
 Registers used:
		wreg, status,2, status,0
 Tracked objects:
		On entry : 
		On exit  : 
		Unchanged: 
 Data sizes:     COMRAM   BANK0   BANK1   BANK2   BANK3   BANK4   BANK5   BANK6   BANK7   BANK8   BANK9  BANK10  BANK11  BANK12  BANK13  BANK14
      Params:         0       0       0       0       0       0       0       0       0       0       0       0       0       0       0       0
      Locals:         0       0       0       0       0       0       0       0       0       0       0       0       0       0       0       0
      Temps:          0       0       0       0       0       0       0       0       0       0       0       0       0       0       0       0
      Totals:         0       0       0       0       0       0       0       0       0       0       0       0       0       0       0       0
Total ram usage:        0 bytes
 Hardware stack levels used:    1
 Hardware stack levels required when called:    3
 This function calls:
		Nothing
 This function is called by:
		_SYSTEM_Initialize
 This function uses a non-reentrant model


 *************** function _ECAN_Initialize *****************
 Defined at:
		line 63 in file "mcc_generated_files/ecan.c"
 Parameters:    Size  Location     Type
		None
 Auto vars:     Size  Location     Type
		None
 Return value:  Size  Location     Type
                  1    wreg      void 
 Registers used:
		wreg, status,2, status,0
 Tracked objects:
		On entry : 
		On exit  : 
		Unchanged: 
 Data sizes:     COMRAM   BANK0   BANK1   BANK2   BANK3   BANK4   BANK5   BANK6   BANK7   BANK8   BANK9  BANK10  BANK11  BANK12  BANK13  BANK14
      Params:         0       0       0       0       0       0       0       0       0       0       0       0       0       0       0       0
      Locals:         0       0       0       0       0       0       0       0       0       0       0       0       0       0       0       0
      Temps:          1       0       0       0       0       0       0       0       0       0       0       0       0       0       0       0
      Totals:         1       0       0       0       0       0       0       0       0       0       0       0       0       0       0       0
Total ram usage:        1 bytes
 Hardware stack levels used:    1
 Hardware stack levels required when called:    3
 This function calls:
		Nothing
 This function is called by:
		_SYSTEM_Initialize
 This function uses a non-reentrant model


 *************** function _CCP2_Initialize *****************
 Defined at:
		line 57 in file "mcc_generated_files/ccp2.c"
 Parameters:    Size  Location     Type
		None
 Auto vars:     Size  Location     Type
		None
 Return value:  Size  Location     Type
                  1    wreg      void 
 Registers used:
		wreg, status,2
 Tracked objects:
		On entry : 
		On exit  : 
		Unchanged: 
 Data sizes:     COMRAM   BANK0   BANK1   BANK2   BANK3   BANK4   BANK5   BANK6   BANK7   BANK8   BANK9  BANK10  BANK11  BANK12  BANK13  BANK14
      Params:         0       0       0       0       0       0       0       0       0       0       0       0       0       0       0       0
      Locals:         0       0       0       0       0       0       0       0       0       0       0       0       0       0       0       0
      Temps:          0       0       0       0       0       0       0       0       0       0       0       0       0       0       0       0
      Totals:         0       0       0       0       0       0       0       0       0       0       0       0       0       0       0       0
Total ram usage:        0 bytes
 Hardware stack levels used:    1
 Hardware stack levels required when called:    3
 This function calls:
		Nothing
 This function is called by:
		_SYSTEM_Initialize
 This function uses a non-reentrant model


 *************** function _BNO055_Initialize *****************
 Defined at:
		line 137 in file "mcc_generated_files/mcc.c"
 Parameters:    Size  Location     Type
		None
 Auto vars:     Size  Location     Type
  pflag           1   37[COMRAM] enum E15164
  message         1   36[COMRAM] unsigned char 
  id              1   35[COMRAM] unsigned char 
 Return value:  Size  Location     Type
                  1    wreg      void 
 Registers used:
		wreg, fsr2l, fsr2h, status,2, status,0, cstack
 Tracked objects:
		On entry : 
		On exit  : 
		Unchanged: 
 Data sizes:     COMRAM   BANK0   BANK1   BANK2   BANK3   BANK4   BANK5   BANK6   BANK7   BANK8   BANK9  BANK10  BANK11  BANK12  BANK13  BANK14
      Params:         0       0       0       0       0       0       0       0       0       0       0       0       0       0       0       0
[...]
		On exit  : 
		Unchanged: 
 Data sizes:     COMRAM   BANK0   BANK1   BANK2   BANK3   BANK4   BANK5   BANK6   BANK7   BANK8   BANK9  BANK10  BANK11  BANK12  BANK13  BANK14
      Params:         0       0       0       0       0       0       0       0       0       0       0       0       0       0       0       0
      Locals:         0       0       0       0       0       0       0       0       0       0       0       0       0       0       0       0
      Temps:          0       0       0       0       0       0       0       0       0       0       0       0       0       0       0       0
      Totals:         0       0       0       0       0       0       0       0       0       0       0       0       0       0       0       0
Total ram usage:        0 bytes
 Hardware stack levels used:    1
 Hardware stack levels required when called:    3
 This function calls:
		Nothing
 This function is called by:
		_SYSTEM_Initialize
 This function uses a non-reentrant model


 *************** function _CAN_transmit *****************
 Defined at:
		line 167 in file "mcc_generated_files/ecan.c"
 Parameters:    Size  Location     Type
  tempCanMsg      2   37[COMRAM] PTR struct .
		 -> main@G_sensor_data(14), main@test(14), 
 Auto vars:     Size  Location     Type
  tempSIDL        1    4[BANK0 ] unsigned char 
  tempSIDH        1    3[BANK0 ] unsigned char 
  tempEIDL        1    2[BANK0 ] unsigned char 
  tempEIDH        1    1[BANK0 ] unsigned char 
  returnValue     1    0[BANK0 ] unsigned char 
 Return value:  Size  Location     Type
                  1    wreg      unsigned char 
 Registers used:
		wreg, fsr2l, fsr2h, status,2, status,0, cstack
 Tracked objects:
		On entry : 
		On exit  : 
		Unchanged: 
 Data sizes:     COMRAM   BANK0   BANK1   BANK2   BANK3   BANK4   BANK5   BANK6   BANK7   BANK8   BANK9  BANK10  BANK11  BANK12  BANK13  BANK14
      Params:         2       0       0       0       0       0       0       0       0       0       0       0       0       0       0       0
      Locals:         0       5       0       0       0       0       0       0       0       0       0       0       0       0       0       0
      Temps:          0       0       0       0       0       0       0       0       0       0       0       0       0       0       0       0
      Totals:         2       5       0       0       0       0       0       0       0       0       0       0       0       0       0       0
Total ram usage:        7 bytes
 Hardware stack levels used:    1
 Hardware stack levels required when called:    4
 This function calls:
		_convertCANid2Reg
 This function is called by:
		_main
 This function uses a non-reentrant model


 *************** function _convertCANid2Reg *****************
 Defined at:
		line 400 in file "mcc_generated_files/ecan.c"
 Parameters:    Size  Location     Type
  tempPassedIn    4   19[COMRAM] unsigned long 
  canIdType       1   23[COMRAM] unsigned char 
  passedInEIDH    2   24[COMRAM] PTR unsigned char 
		 -> CAN_transmit@tempEIDH(1), 
  passedInEIDL    2   26[COMRAM] PTR unsigned char 
		 -> CAN_transmit@tempEIDL(1), 
  passedInSIDH    2   28[COMRAM] PTR unsigned char 
		 -> CAN_transmit@tempSIDH(1), 
  passedInSIDL    2   30[COMRAM] PTR unsigned char 
		 -> CAN_transmit@tempSIDL(1), 
 Auto vars:     Size  Location     Type
  wipSIDL         1   36[COMRAM] unsigned char 
 Return value:  Size  Location     Type
                  1    wreg      void 
 Registers used:
		wreg, fsr2l, fsr2h, status,2, status,0
 Tracked objects:
		On entry : 
		On exit  : 
		Unchanged: 
 Data sizes:     COMRAM   BANK0   BANK1   BANK2   BANK3   BANK4   BANK5   BANK6   BANK7   BANK8   BANK9  BANK10  BANK11  BANK12  BANK13  BANK14
      Params:        13       0       0       0       0       0       0       0       0       0       0       0       0       0       0       0
      Locals:         1       0       0       0       0       0       0       0       0       0       0       0       0       0       0       0
      Temps:          4       0       0       0       0       0       0       0       0       0       0       0       0       0       0       0
      Totals:        18       0       0       0       0       0       0       0       0       0       0       0       0       0       0       0
Total ram usage:       18 bytes
 Hardware stack levels used:    1
 Hardware stack levels required when called:    3
 This function calls:
		Nothing
 This function is called by:
		_CAN_transmit
 This function uses a non-reentrant model


 *************** function _ADC_GetConversion *****************
 Defined at:
		line 104 in file "mcc_generated_files/adc.c"
 Parameters:    Size  Location     Type
  channel         1    wreg     enum E15090
 Auto vars:     Size  Location     Type
  channel         1   23[COMRAM] enum E15090
 Return value:  Size  Location     Type
                  2   19[COMRAM] unsigned int 
 Registers used:
		wreg, status,2, status,0
 Tracked objects:
		On entry : 
		On exit  : 
		Unchanged: 
 Data sizes:     COMRAM   BANK0   BANK1   BANK2   BANK3   BANK4   BANK5   BANK6   BANK7   BANK8   BANK9  BANK10  BANK11  BANK12  BANK13  BANK14
      Params:         2       0       0       0       0       0       0       0       0       0       0       0       0       0       0       0
      Locals:         1       0       0       0       0       0       0       0       0       0       0       0       0       0       0       0
      Temps:          2       0       0       0       0       0       0       0       0       0       0       0       0       0       0       0
      Totals:         5       0       0       0       0       0       0       0       0       0       0       0       0       0       0       0
Total ram usage:        5 bytes
 Hardware stack levels used:    1
 Hardware stack levels required when called:    3
 This function calls:
		Nothing
 This function is called by:
		_main
 This function uses a non-reentrant model


 *************** function _INTERRUPT_InterruptManager *****************
 Defined at:
		line 60 in file "mcc_generated_files/interrupt_manager.c"
 Parameters:    Size  Location     Type
		None
 Auto vars:     Size  Location     Type
		None
 Return value:  Size  Location     Type
                  1    wreg      void 
 Registers used:
		wreg, fsr2l, fsr2h, status,2, status,0, pclath, tosl, cstack
 Tracked objects:
		On entry : 
		On exit  : 
		Unchanged: 
 Data sizes:     COMRAM   BANK0   BANK1   BANK2   BANK3   BANK4   BANK5   BANK6   BANK7   BANK8   BANK9  BANK10  BANK11  BANK12  BANK13  BANK14
      Params:         0       0       0       0       0       0       0       0       0       0       0       0       0       0       0       0
      Locals:         0       0       0       0       0       0       0       0       0       0       0       0       0       0       0       0
      Temps:         14       0       0       0       0       0       0       0       0       0       0       0       0       0       0       0
      Totals:        14       0       0       0       0       0       0       0       0       0       0       0       0       0       0       0
Total ram usage:       14 bytes
 Hardware stack levels used:    1
 Hardware stack levels required when called:    2
 This function calls:
		_CCP2_CaptureISR
		_I2C_BusCollisionISR
		_I2C_ISR
		_TMR1_ISR
 This function is called by:
		Interrupt level 2
 This function uses a non-reentrant model


 *************** function _TMR1_ISR *****************
 Defined at:
		line 155 in file "mcc_generated_files/tmr1.c"
 Parameters:    Size  Location     Type
		None
 Auto vars:     Size  Location     Type
		None
 Return value:  Size  Location     Type
                  1    wreg      void 
 Registers used:
		wreg, status,2, status,0, pclath, tosl, cstack
 Tracked objects:
		On entry : 
		On exit  : 
		Unchanged: 
 Data sizes:     COMRAM   BANK0   BANK1   BANK2   BANK3   BANK4   BANK5   BANK6   BANK7   BANK8   BANK9  BANK10  BANK11  BANK12  BANK13  BANK14
      Params:         0       0       0       0       0       0       0       0       0       0       0       0       0       0       0       0
      Locals:         0       0       0       0       0       0       0       0       0       0       0       0       0       0       0       0
      Temps:          0       0       0       0       0       0       0       0       0       0       0       0       0       0       0       0
      Totals:         0       0       0       0       0       0       0       0       0       0       0       0       0       0       0       0
Total ram usage:        0 bytes
 Hardware stack levels used:    1
 Hardware stack levels required when called:    1
 This function calls:
		Absolute function
		_TMR1_DefaultInterruptHandler
 This function is called by:
		_INTERRUPT_InterruptManager
 This function uses a non-reentrant model


 *************** function _TMR1_DefaultInterruptHandler *****************
 Defined at:
		line 177 in file "mcc_generated_files/tmr1.c"
 Parameters:    Size  Location     Type
		None
 Auto vars:     Size  Location     Type
		None
 Return value:  Size  Location     Type
                  1    wreg      void 
 Registers used:
		None
 Tracked objects:
		On entry : 
		On exit  : 
		Unchanged: 
 Data sizes:     COMRAM   BANK0   BANK1   BANK2   BANK3   BANK4   BANK5   BANK6   BANK7   BANK8   BANK9  BANK10  BANK11  BANK12  BANK13  BANK14
      Params:         0       0       0       0       0       0       0       0       0       0       0       0       0       0       0       0
      Locals:         0       0       0       0       0       0       0       0       0       0       0       0       0       0       0       0
      Temps:          0       0       0       0       0       0       0       0       0       0       0       0       0       0       0       0
      Totals:         0       0       0       0       0       0       0       0       0       0       0       0       0       0       0       0
Total ram usage:        0 bytes
 Hardware stack levels used:    1
 This function calls:
		Nothing
 This function is called by:
		_TMR1_Initialize
		_TMR1_ISR
 This function uses a non-reentrant model


 *************** function _I2C_ISR *****************
 Defined at:
		line 231 in file "mcc_generated_files/i2c.c"
 Parameters:    Size  Location     Type
		None
 Auto vars:     Size  Location     Type
		None
 Return value:  Size  Location     Type
                  1    wreg      void 
 Registers used:
		wreg, fsr2l, fsr2h, status,2, status,0, cstack
 Tracked objects:
		On entry : 
		On exit  : 
		Unchanged: 
 Data sizes:     COMRAM   BANK0   BANK1   BANK2   BANK3   BANK4   BANK5   BANK6   BANK7   BANK8   BANK9  BANK10  BANK11  BANK12  BANK13  BANK14
      Params:         0       0       0       0       0       0       0       0       0       0       0       0       0       0       0       0
      Locals:         0       0       0       0       0       0       0       0       0       0       0       0       0       0       0       0
      Temps:          2       0       0       0       0       0       0       0       0       0       0       0       0       0       0       0
      Totals:         2       0       0       0       0       0       0       0       0       0       0       0       0       0       0       0
Total ram usage:        2 bytes
 Hardware stack levels used:    1
 Hardware stack levels required when called:    1
 This function calls:
		_I2C_FunctionComplete
		_I2C_Stop
 This function is called by:
		_INTERRUPT_InterruptManager
 This function uses a non-reentrant model


 *************** function _I2C_Stop *****************
 Defined at:
		line 579 in file "mcc_generated_files/i2c.c"
 Parameters:    Size  Location     Type
  completion_c    1    wreg     enum E15091
 Auto vars:     Size  Location     Type
  completion_c    1    2[COMRAM] enum E15091
 Return value:  Size  Location     Type
                  1    wreg      void 
 Registers used:
		wreg, fsr2l, fsr2h, status,2, status,0
 Tracked objects:
		On entry : 
		On exit  : 
		Unchanged: 
 Data sizes:     COMRAM   BANK0   BANK1   BANK2   BANK3   BANK4   BANK5   BANK6   BANK7   BANK8   BANK9  BANK10  BANK11  BANK12  BANK13  BANK14
      Params:         0       0       0       0       0       0       0       0       0       0       0       0       0       0       0       0
      Locals:         1       0       0       0       0       0       0       0       0       0       0       0       0       0       0       0
      Temps:          2       0       0       0       0       0       0       0       0       0       0       0       0       0       0       0
      Totals:         3       0       0       0       0       0       0       0       0       0       0       0       0       0       0       0
Total ram usage:        3 bytes
 Hardware stack levels used:    1
 This function calls:
		Nothing
 This function is called by:
		_I2C_ISR
 This function uses a non-reentrant model


 *************** function _I2C_FunctionComplete *****************
 Defined at:
		line 561 in file "mcc_generated_files/i2c.c"
 Parameters:    Size  Location     Type
		None
 Auto vars:     Size  Location     Type
		None
 Return value:  Size  Location     Type
                  1    wreg      void 
 Registers used:
		wreg, status,2, status,0
 Tracked objects:
		On entry : 
		On exit  : 
		Unchanged: 
 Data sizes:     COMRAM   BANK0   BANK1   BANK2   BANK3   BANK4   BANK5   BANK6   BANK7   BANK8   BANK9  BANK10  BANK11  BANK12  BANK13  BANK14
      Params:         0       0       0       0       0       0       0       0       0       0       0       0       0       0       0       0
      Locals:         0       0       0       0       0       0       0       0       0       0       0       0       0       0       0       0
      Temps:          0       0       0       0       0       0       0       0       0       0       0       0       0       0       0       0
      Totals:         0       0       0       0       0       0       0       0       0       0       0       0       0       0       0       0
Total ram usage:        0 bytes
 Hardware stack levels used:    1
 This function calls:
		Nothing
 This function is called by:
		_I2C_ISR
 This function uses a non-reentrant model


 *************** function _I2C_BusCollisionISR *****************
 Defined at:
		line 726 in file "mcc_generated_files/i2c.c"
 Parameters:    Size  Location     Type
		None
 Auto vars:     Size  Location     Type
		None
 Return value:  Size  Location     Type
                  1    wreg      void 
 Registers used:
		None
 Tracked objects:
		On entry : 
		On exit  : 
		Unchanged: 
 Data sizes:     COMRAM   BANK0   BANK1   BANK2   BANK3   BANK4   BANK5   BANK6   BANK7   BANK8   BANK9  BANK10  BANK11  BANK12  BANK13  BANK14
      Params:         0       0       0       0       0       0       0       0       0       0       0       0       0       0       0       0
      Locals:         0       0       0       0       0       0       0       0       0       0       0       0       0       0       0       0
      Temps:          0       0       0       0       0       0       0       0       0       0       0       0       0       0       0       0
      Totals:         0       0       0       0       0       0       0       0       0       0       0       0       0       0       0       0
Total ram usage:        0 bytes
 Hardware stack levels used:    1
 This function calls:
		Nothing
 This function is called by:
		_INTERRUPT_InterruptManager
 This function uses a non-reentrant model


 *************** function _CCP2_CaptureISR *****************
 Defined at:
		line 80 in file "mcc_generated_files/ccp2.c"
 Parameters:    Size  Location     Type
		None
 Auto vars:     Size  Location     Type
  module          2    2[COMRAM] struct CCPR2Reg_tag
 Return value:  Size  Location     Type
                  1    wreg      void 
 Registers used:
		wreg, status,2, status,0
 Tracked objects:
		On entry : 
		On exit  : 
		Unchanged: 
 Data sizes:     COMRAM   BANK0   BANK1   BANK2   BANK3   BANK4   BANK5   BANK6   BANK7   BANK8   BANK9  BANK10  BANK11  BANK12  BANK13  BANK14
      Params:         0       0       0       0       0       0       0       0       0       0       0       0       0       0       0       0
      Locals:         2       0       0       0       0       0       0       0       0       0       0       0       0       0       0       0
      Temps:          2       0       0       0       0       0       0       0       0       0       0       0       0       0       0       0
      Totals:         4       0       0       0       0       0       0       0       0       0       0       0       0       0       0       0
Total ram usage:        4 bytes
 Hardware stack levels used:    1
 This function calls:
		Nothing
 This function is called by:
		_INTERRUPT_InterruptManager
 This function uses a non-reentrant model



MODULE INFORMATION

Module		Function		Class		Link	Load	Size
D:\Atmel\xc8\sources\common\float.c
		___ftpack      		CODE           	1030	0000	175

D:\Atmel\xc8\sources\common\float.c estimated size: 175

mcc_generated_files/interrupt_manager.c
		_INTERRUPT_Initialize		CODE           	1526	0000	9
		_INTERRUPT_InterruptManager		CODE           	0008	0000	179

mcc_generated_files/interrupt_manager.c estimated size: 188

mcc_generated_files/i2c.c
		_I2C_FunctionComplete		CODE           	14DC	0000	25
		_I2C_MasterWrite		CODE           	1232	0000	75
		_I2C_MasterTRBInsert		CODE           	10DE	0000	159
		_I2C_ISR       		CODE           	0688	0000	575
		_I2C_Stop      		CODE           	134C	0000	63
		_I2C_MasterReadTRBBuild		CODE           	11E2	0000	81
		_I2C_Initialize		CODE           	1428	0000	43
		_I2C_MasterWriteTRBBuild		CODE           	12C6	0000	69
		_I2C_BusCollisionISR		CODE           	1534	0000	3
		_I2C_MasterRead		CODE           	127C	0000	75

mcc_generated_files/i2c.c estimated size: 1168

D:\Atmel\xc8\sources\common\ftmul.c
		___ftmul       		CODE           	0D1E	0000	289

D:\Atmel\xc8\sources\common\ftmul.c estimated size: 289

mcc_generated_files/pin_manager.c
		_PIN_MANAGER_Initialize		CODE           	13C4	0000	53

mcc_generated_files/pin_manager.c estimated size: 53

D:\Atmel\xc8\sources\common\ftdiv.c
		___ftdiv       		CODE           	0E3E	0000	261

D:\Atmel\xc8\sources\common\ftdiv.c estimated size: 261

mcc_generated_files/adc.c
		_ADC_Initialize		CODE           	14F4	0000	23
		_ADC_GetConversion		CODE           	13F8	0000	49

mcc_generated_files/adc.c estimated size: 72

mcc_generated_files/ccp2.c
		_CCP2_CaptureISR		CODE           	117C	0000	103
		_CCP2_Initialize		CODE           	14C2	0000	27

mcc_generated_files/ccp2.c estimated size: 130

mcc_generated_files/ecan.c
		_ECAN_Initialize		CODE           	0F42	0000	239
		_CAN_transmit  		CODE           	00BE	0000	847
		_convertCANid2Reg		CODE           	08C6	0000	415

mcc_generated_files/ecan.c estimated size: 1501

D:\Atmel\xc8\sources\common\fttol.c
		___fttol       		CODE           	0BDA	0000	325

D:\Atmel\xc8\sources\common\fttol.c estimated size: 325

shared
		__initialization		CODE           	1452	0000	25

shared estimated size: 25

mcc_generated_files/mcc.c
		_OSCILLATOR_Initialize		CODE           	150A	0000	19
		_SYSTEM_Initialize		CODE           	1478	0000	39
		_BNO055_Initialize		CODE           	0A64	0000	375

mcc_generated_files/mcc.c estimated size: 433

mcc_generated_files/tmr1.c
		_TMR1_Initialize		CODE           	138A	0000	59
		_TMR1_SetInterruptHandler		CODE           	151C	0000	11
		_TMR1_DefaultInterruptHandler		CODE           	1532	0000	3
		_TMR1_StartTimer		CODE           	152E	0000	5
		_TMR1_ISR      		CODE           	130A	0000	67

mcc_generated_files/tmr1.c estimated size: 145

D:\Atmel\xc8\sources\common\lwtoft.c
		___lwtoft      		CODE           	149E	0000	37

D:\Atmel\xc8\sources\common\lwtoft.c estimated size: 37

main.c
		_main          		CODE           	040C	0000	637

main.c estimated size: 637

